main.c:89:5:main	112	static
main.c:178:6:SystemClock_Config	88	static
main.c:229:13:MX_ADC1_Init	24	static
main.c:279:13:MX_I2C2_Init	8	static
main.c:325:13:MX_UART4_Init	8	static
main.c:356:13:MX_DMA_Init	16	static
main.c:374:13:MX_GPIO_Init	24	static
main.c:385:6:printXmlHeader	56	static
main.c:401:6:StartDefaultTask	16	static
main.c:423:6:taskFuncAnalog	16	static
main.c:464:6:taskFuncBMP	24	static
main.c:505:6:HAL_TIM_PeriodElapsedCallback	16	static
main.c:522:6:Error_Handler	4	static,ignoring_inline_asm
